<?php return array (
  0 => 'Symfony\\Bundle\\FrameworkBundle\\Controller\\AbstractController',
  1 => 'ApiPlatform\\Symfony\\Controller\\MainController',
  2 => 'Api\\V8\\Controller\\BaseController',
  3 => 'Api\\V8\\Controller\\InvocationStrategy\\SuiteInvocationStrategy',
  4 => 'Api\\V8\\Controller\\ListViewController',
  5 => 'Api\\V8\\Controller\\ListViewSearchController',
  6 => 'Api\\V8\\Controller\\LogoutController',
  7 => 'Api\\V8\\Controller\\MetaController',
  8 => 'Api\\V8\\Controller\\ModuleController',
  9 => 'Api\\V8\\Controller\\RelationshipController',
  10 => 'Api\\V8\\Controller\\UserController',
  11 => 'Api\\V8\\Controller\\UserPreferencesController',
  12 => 'Api\\V8\\OAuth2\\Entity\\AccessTokenEntity',
  13 => 'Api\\V8\\OAuth2\\Entity\\ClientEntity',
  14 => 'Api\\V8\\OAuth2\\Entity\\RefreshTokenEntity',
  15 => 'Api\\V8\\OAuth2\\Entity\\UserEntity',
  16 => 'App\\Authentication\\Controller\\SecurityController',
  17 => 'App\\Data\\Entity\\DefaultRecordInterface',
  18 => 'App\\Data\\Entity\\DefaultRecordTrait',
  19 => 'App\\Data\\Entity\\Record',
  20 => 'App\\Data\\Entity\\RecordList',
  21 => 'App\\Engine\\Controller\\IndexController',
  22 => 'App\\EntryPoint\\Controller\\EntryPointController',
  23 => 'App\\FieldDefinitions\\Entity\\FieldDefinition',
  24 => 'App\\Languages\\Entity\\AppListStrings',
  25 => 'App\\Languages\\Entity\\AppStrings',
  26 => 'App\\Languages\\Entity\\ModStrings',
  27 => 'App\\MediaObjects\\Controller\\MediaController',
  28 => 'App\\MediaObjects\\Entity\\ArchivedDocumentMediaObject',
  29 => 'App\\MediaObjects\\Entity\\MediaObjectInterface',
  30 => 'App\\MediaObjects\\Entity\\MediaObjectTrait',
  31 => 'App\\MediaObjects\\Entity\\PrivateDocumentMediaObject',
  32 => 'App\\MediaObjects\\Entity\\PrivateImageMediaObject',
  33 => 'App\\MediaObjects\\Entity\\PublicDocumentMediaObject',
  34 => 'App\\MediaObjects\\Entity\\PublicImageMediaObject',
  35 => 'App\\Metadata\\Entity\\AppMetadata',
  36 => 'App\\Metadata\\Entity\\ModuleMetadata',
  37 => 'App\\Module\\Users\\Entity\\User',
  38 => 'App\\Navbar\\Entity\\Navbar',
  39 => 'App\\Process\\Entity\\Process',
  40 => 'App\\Statistics\\Entity\\BatchedStatistics',
  41 => 'App\\Statistics\\Entity\\Statistic',
  42 => 'App\\SystemConfig\\Entity\\SystemConfig',
  43 => 'App\\Themes\\Entity\\ThemeImages',
  44 => 'App\\UserPreferences\\Entity\\UserPreference',
  45 => 'App\\ViewDefinitions\\Entity\\ViewDefinition',
  46 => 'Doctrine\\Bundle\\DoctrineBundle\\Controller\\ProfilerController',
  47 => 'Doctrine\\ORM\\Cache\\Persister\\Entity\\AbstractEntityPersister',
  48 => 'Doctrine\\ORM\\Cache\\Persister\\Entity\\CachedEntityPersister',
  49 => 'Doctrine\\ORM\\Cache\\Persister\\Entity\\NonStrictReadWriteCachedEntityPersister',
  50 => 'Doctrine\\ORM\\Cache\\Persister\\Entity\\ReadOnlyCachedEntityPersister',
  51 => 'Doctrine\\ORM\\Cache\\Persister\\Entity\\ReadWriteCachedEntityPersister',
  52 => 'Doctrine\\ORM\\Persisters\\Entity\\AbstractEntityInheritancePersister',
  53 => 'Doctrine\\ORM\\Persisters\\Entity\\BasicEntityPersister',
  54 => 'Doctrine\\ORM\\Persisters\\Entity\\CachedPersisterContext',
  55 => 'Doctrine\\ORM\\Persisters\\Entity\\EntityPersister',
  56 => 'Doctrine\\ORM\\Persisters\\Entity\\JoinedSubclassPersister',
  57 => 'Doctrine\\ORM\\Persisters\\Entity\\SingleTablePersister',
  58 => 'JsonSchema\\Entity\\JsonPointer',
  59 => 'Nbgrp\\OneloginSamlBundle\\Controller\\AssertionConsumerService',
  60 => 'Nbgrp\\OneloginSamlBundle\\Controller\\Login',
  61 => 'Nbgrp\\OneloginSamlBundle\\Controller\\Logout',
  62 => 'Nbgrp\\OneloginSamlBundle\\Controller\\Metadata',
  63 => 'Scheb\\TwoFactorBundle\\Controller\\FormController',
  64 => 'SuiteCRM\\API\\v8\\Controller\\ApiController',
  65 => 'SuiteCRM\\API\\v8\\Controller\\ModuleController',
  66 => 'SuiteCRM\\API\\v8\\Controller\\OAuth2Controller',
  67 => 'SuiteCRM\\API\\v8\\Controller\\SchemaController',
  69 => 'Symfony\\Bundle\\FrameworkBundle\\Controller\\ControllerResolver',
  70 => 'Symfony\\Bundle\\FrameworkBundle\\Controller\\RedirectController',
  71 => 'Symfony\\Bundle\\FrameworkBundle\\Controller\\TemplateController',
  72 => 'Symfony\\Bundle\\WebProfilerBundle\\Controller\\ExceptionPanelController',
  73 => 'Symfony\\Bundle\\WebProfilerBundle\\Controller\\ProfilerController',
  74 => 'Symfony\\Bundle\\WebProfilerBundle\\Controller\\RouterController',
  75 => 'Symfony\\Component\\HttpKernel\\Controller\\ArgumentResolver',
  76 => 'Symfony\\Component\\HttpKernel\\Controller\\ArgumentResolverInterface',
  77 => 'Symfony\\Component\\HttpKernel\\Controller\\ArgumentResolver\\BackedEnumValueResolver',
  78 => 'Symfony\\Component\\HttpKernel\\Controller\\ArgumentResolver\\DateTimeValueResolver',
  79 => 'Symfony\\Component\\HttpKernel\\Controller\\ArgumentResolver\\DefaultValueResolver',
  80 => 'Symfony\\Component\\HttpKernel\\Controller\\ArgumentResolver\\NotTaggedControllerValueResolver',
  81 => 'Symfony\\Component\\HttpKernel\\Controller\\ArgumentResolver\\QueryParameterValueResolver',
  82 => 'Symfony\\Component\\HttpKernel\\Controller\\ArgumentResolver\\RequestAttributeValueResolver',
  83 => 'Symfony\\Component\\HttpKernel\\Controller\\ArgumentResolver\\RequestPayloadValueResolver',
  84 => 'Symfony\\Component\\HttpKernel\\Controller\\ArgumentResolver\\RequestValueResolver',
  85 => 'Symfony\\Component\\HttpKernel\\Controller\\ArgumentResolver\\ServiceValueResolver',
  86 => 'Symfony\\Component\\HttpKernel\\Controller\\ArgumentResolver\\SessionValueResolver',
  87 => 'Symfony\\Component\\HttpKernel\\Controller\\ArgumentResolver\\TraceableValueResolver',
  88 => 'Symfony\\Component\\HttpKernel\\Controller\\ArgumentResolver\\UidValueResolver',
  89 => 'Symfony\\Component\\HttpKernel\\Controller\\ArgumentResolver\\VariadicValueResolver',
  90 => 'Symfony\\Component\\HttpKernel\\Controller\\ArgumentValueResolverInterface',
  91 => 'Symfony\\Component\\HttpKernel\\Controller\\ContainerControllerResolver',
  92 => 'Symfony\\Component\\HttpKernel\\Controller\\ControllerReference',
  93 => 'Symfony\\Component\\HttpKernel\\Controller\\ControllerResolver',
  94 => 'Symfony\\Component\\HttpKernel\\Controller\\ControllerResolverInterface',
  95 => 'Symfony\\Component\\HttpKernel\\Controller\\ErrorController',
  96 => 'Symfony\\Component\\HttpKernel\\Controller\\TraceableArgumentResolver',
  97 => 'Symfony\\Component\\HttpKernel\\Controller\\TraceableControllerResolver',
  98 => 'Symfony\\Component\\HttpKernel\\Controller\\ValueResolverInterface',
  99 => 'Symfony\\Component\\Security\\Http\\Controller\\SecurityTokenValueResolver',
  100 => 'Symfony\\Component\\Security\\Http\\Controller\\UserValueResolver',
  101 => 'Vich\\UploaderBundle\\Entity\\File',
);